
> toolkit-v2@0.1.0 build
> next build

Γû▓ Next.js 16.2.6 (Turbopack)

  Creating an optimized production build ...
Γ£ô Compiled successfully in 7.7s
  Running TypeScript ...
  Finished TypeScript in 5.8s ...
  Collecting page data using 6 workers ...
  Generating static pages using 6 workers (0/4) ...
  Generating static pages using 6 workers (1/4) 
  Generating static pages using 6 workers (2/4) 
  Generating static pages using 6 workers (3/4) 
Γ£ô Generating static pages using 6 workers (4/4) in 667ms
  Finalizing page optimization ...

Route (app)
Γöî Γùï /
Γö£ Γùï /_not-found
Γö£ Γùï /tools
Γöö ╞Æ /tools/[toolId]


Γùï  (Static)   prerendered as static content
╞Æ  (Dynamic)  server-rendered on demand

